[0;32mI (657) example: File written[0m
[0;32ï¿½ets Jul 29 2019 12:21:46

rst:0x1 (POWERON_RESET),boot:0x12 (SPI_FAST_FLASH_BOOT)
configsip: 0, SPIWP:0xee
clk_drv:0x00,q_drv:0x00,d_drv:0x00,cs0_drv:0x00,hd_drv:0x00,wp_drv:0x00
mode:DIO, clock div:2
load:0x3fff0030,len:7172
load:0x40078000,len:15620
load:0x40080400,len:4
ho 8 tail 4 room 4
load:0x40080404,len:3904
entry 0x40080640
[0;32mI (31) boot: ESP-IDF v5.2.5 2nd stage bootloader[0m
[0;32mI (31) boot: compile time Apr 19 2025 13:07:07[0m
[0;32mI (31) boot: Multicore bootloader[0m
[0;32mI (35) boot: chip revision: v3.1[0m
[0;32mI (39) boot.esp32: SPI Speed      : 40MHz[0m
[0;32mI (44) boot.esp32: SPI Mode       : DIO[0m
[0;32mI (48) boot.esp32: SPI Flash Size : 2MB[0m
[0;32mI (53) boot: Enabling RNG early entropy source...[0m
[0;32mI (58) boot: Partition Table:[0m
[0;32mI (62) boot: ## Label            Usage          Type ST Offset   Length[0m
[0;32mI (69) boot:  0 nvs              WiFi data        01 02 00009000 00006000[0m
[0;32mI (77) boot:  1 phy_init         RF data          01 01 0000f000 00001000[0m
[0;32mI (84) boot:  2 factory          factory app      00 00 00010000 00100000[0m
[0;32mI (92) boot: End of partition table[0m
[0;32mI (96) esp_image: segment 0: paddr=00010020 vaddr=3f400020 size=0e614h ( 58900) map[0m
[0;32mI (124) esp_image: segment 1: paddr=0001e63c vaddr=3ffb0000 size=019dch (  6620) load[0m
[0;32mI (127) esp_image: segment 2: paddr=00020020 vaddr=400d0020 size=25ec0h (155328) map[0m
[0;32mI (183) esp_image: segment 3: paddr=00045ee8 vaddr=3ffb19dc size=00dd8h (  3544) load[0m
[0;32mI (185) esp_image: segment 4: paddr=00046cc8 vaddr=40080000 size=0ed4ch ( 60748) load[0m
[0;32mI (220) boot: Loaded app from partition at offset 0x10000[0m
[0;32mI (221) boot: Disabling RNG early entropy source...[0m
[0;32mI (232) cpu_start: Multicore app[0m
[0;32mI (241) cpu_start: Pro cpu start user code[0m
[0;32mI (241) cpu_start: cpu freq: 160000000 Hz[0m
[0;32mI (241) cpu_start: Application information:[0m
[0;32mI (244) cpu_start: Project name:     001_Simple_Init[0m
[0;32mI (250) cpu_start: App version:      d485cee-dirty[0m
[0;32mI (255) cpu_start: Compile time:     Apr 19 2025 13:07:00[0m
[0;32mI (261) cpu_start: ELF file SHA256:  5e5133d52...[0m
[0;32mI (267) cpu_start: ESP-IDF:          v5.2.5[0m
[0;32mI (272) cpu_start: Min chip rev:     v0.0[0m
[0;32mI (276) cpu_start: Max chip rev:     v3.99 [0m
[0;32mI (281) cpu_start: Chip rev:         v3.1[0m
[0;32mI (286) heap_init: Initializing. RAM available for dynamic allocation:[0m
[0;32mI (293) heap_init: At 3FFAE6E0 len 00001920 (6 KiB): DRAM[0m
[0;32mI (299) heap_init: At 3FFB3140 len 0002CEC0 (179 KiB): DRAM[0m
[0;32mI (305) heap_init: At 3FFE0440 len 00003AE0 (14 KiB): D/IRAM[0m
[0;32mI (312) heap_init: At 3FFE4350 len 0001BCB0 (111 KiB): D/IRAM[0m
[0;32mI (318) heap_init: At 4008ED4C len 000112B4 (68 KiB): IRAM[0m
[0;32mI (326) spi_flash: detected chip: generic[0m
[0;32mI (329) spi_flash: flash io: dio[0m
[0;33mW (333) spi_flash: Detected size(4096k) larger than the size in the binary image header(2048k). Using the size in the binary image header.[0m
[0;32mI (347) main_task: Started on CPU0[0m
[0;32mI (357) main_task: Calling app_main()[0m
[0;32mI (357) example: Initializing SD card[0m
[0;32mI (357) example: Using SPI peripheral[0m
[0;32mI (357) example: Mounting filesystem[0m
[0;32mI (367) gpio: GPIO[23]| InputEn: 0| OutputEn: 1| OpenDrain: 0| Pullup: 0| Pulldown: 0| Intr:0 [0m
[0;32mI (377) sdspi_transaction: cmd=52, R1 response: command CRC error[0m
[0;31mE (377) sdmmc_io: sdmmc_io_reset: unexpected return: 0x109[0m
[0;31mE (387) vfs_fat_sdmmc: sdmmc_card_init failed (0x109).[0m
[0;32mI (387) gpio: GPIO[23]| InputEn: 1| OutputEn: 0| OpenDrain: 0| Pullup: 0| Pulldown: 0| Intr:0 [0m
[0;31mE (397) example: Failed to initialize the card (ESP_ERR_INVALID_CRC). Make sure SD card lines have pull-up resistors in place.[0m
[0;32mI (417) main_task: Returned from app_main()[0m
ets Jul 29 2019 12:21:46

rst:0x1 (POWERON_RESET),boot:0x13 (SPI_FAST_FLASH_BOOT)
configsip: 0, SPIWP:0xee
clk_drv:0x00,q_drv:0x00,d_drv:0x00,cs0_drv:0x00,hd_drv:0x00,wp_drv:0x00
mode:DIO, clock div:2
load:0x3fff0030,len:7172
load:0x40078000,len:15620
load:0x40080400,len:4
ho 8 tail 4 room 4
load:0x40080404,len:3904
entry 0x40080640
[0;32mI (31) boot: ESP-IDF v5.2.5 2nd stage bootloader[0m
[0;32mI (31) boot: compile time Apr 19 2025 13:07:07[0m
[0;32mI (31) boot: Multicore bootloader[0m
[0;32mI (35) boot: chip revision: v3.1[0m
[0;32mI (39) boot.esp32: SPI Speed      : 40MHz[0m
[0;32mI (44) boot.esp32: SPI Mode       : DIO[0m
[0;32mI (48) boot.esp32: SPI Flash Size : 2MB[0m
[0;32mI (53) boot: Enabling RNG early entropy source...[0m
[0;32mI (58) boot: Partition Table:[0m
[0;32mI (62) boot: ## Label            Usage          Type ST Offset   Length[0m
[0;32mI (69) boot:  0 nvs              WiFi data        01 02 00009000 00006000[0m
[0;32mI (77) boot:  1 phy_init         RF data          01 01 0000f000 00001000[0m
[0;32mI (84) boot:  2 factory          factory app      00 00 00010000 00100000[0m
[0;32mI (92) boot: End of partition table[0m
[0;32mI (96) esp_image: segment 0: paddr=00010020 vaddr=3f400020 size=0e614h ( 58900) map[0m
[0;32mI (124) esp_image: segment 1: paddr=0001e63c vaddr=3ffb0000 size=019dch (  6620) load[0m
[0;32mI (127) esp_image: segment 2: paddr=00020020 vaddr=400d0020 size=25ec0h (155328) map[0m
[0;32mI (183) esp_image: segment 3: paddr=00045ee8 vaddr=3ffb19dc size=00dd8h (  3544) load[0m
[0;32mI (185) esp_image: segment 4: paddr=00046cc8 vaddr=40080000 size=0ed4ch ( 60748) load[0m
[0;32mI (220) boot: Loaded app from partition at offset 0x10000[0m
[0;32mI (221) boot: Disabling RNG early entropy source...[0m
[0;32mI (232) cpu_start: Multicore app[0m
[0;32mI (241) cpu_start: Pro cpu start user code[0m
[0;32mI (241) cpu_start: cpu freq: 160000000 Hz[0m
[0;32mI (241) cpu_start: Application information:[0m
[0;32mI (244) cpu_start: Project name:     001_Simple_Init[0m
[0;32mI (250) cpu_start: App version:      d485cee-dirty[0m
[0;32mI (255) cpu_start: Compile time:     Apr 19 2025 13:07:00[0m
[0;32mI (261) cpu_start: ELF file SHA256:  5e5133d52...[0m
[0;32mI (267) cpu_start: ESP-IDF:          v5.2.5[0m
[0;32mI (272) cpu_start: Min chip rev:     v0.0[0m
[0;32mI (276) cpu_start: Max chip rev:     v3.99 [0m
[0;32mI (281) cpu_start: Chip rev:         v3.1[0m
[0;32mI (286) heap_init: Initializing. RAM available for dynamic allocation:[0m
[0;32mI (293) heap_init: At 3FFAE6E0 len 00001920 (6 KiB): DRAM[0m
[0;32mI (299) heap_init: At 3FFB3140 len 0002CEC0 (179 KiB): DRAM[0m
[0;32mI (305) heap_init: At 3FFE0440 len 00003AE0 (14 KiB): D/IRAM[0m
[0;32mI (312) heap_init: At 3FFE4350 len 0001BCB0 (111 KiB): D/IRAM[0m
[0;32mI (318) heap_init: At 4008ED4C len 000112B4 (68 KiB): IRAM[0m
[0;32mI (326) spi_flash: detected chip: generic[0m
[0;32mI (329) spi_flash: flash io: dio[0m
[0;33mW (333) spi_flash: Detected size(4096k) larger than the size in the binary image header(2048k). Using the size in the binary image header.[0m
[0;32mI (347) main_task: Started on CPU0[0m
[0;32mI (357) main_task: Calling app_main()[0m
[0;32mI (357) example: Initializing SD card[0m
[0;32mI (357) example: Using SPI peripheral[0m
[0;32mI (357) example: Mounting filesystem[0m
[0;32mI (367) gpio: GPIO[23]| InputEn: 0| OutputEn: 1| OpenDrain: 0| Pullup: 0| Pulldown: 0| Intr:0 [0m
[0;31mE (397) vfs_fat_sdmmc: sdmmc_card_init failed (0x107).[0m
[0;32mI (397) gpio: GPIO[23]| InputEn: 1| OutputEn: 0| OpenDrain: 0| Pullup: 0| Pulldown: 0| Intr:0 [0m
[0;31mE (397) example: Failed to initialize the card (ESP_ERR_TIMEOUT). Make sure SD card lines have pull-up resistors in place.[0m
[0;32mI (407) main_task: Returned from app_main()[0m
ets Jul 29 2019 12:21:46

rst:0x1 (POWERON_RESET),boot:0x13 (SPI_FAST_FLASH_BOOT)
configsip: 0, SPIWP:0xee
clk_drv:0x00,